FAILED. Ran 1 tests in 0.000s (errors=1, failures=0, skipped=0)
/home/user/Projects/myapp/comments/tests/test_api.py:21: setUpClass : ZeroDivisionError: division by zero : 1/0
